JsonFileValidation	UNKNOWN STEP	ï»¿2025-12-05T04:51:15.8966311Z Current runner version: '2.329.0'
JsonFileValidation	UNKNOWN STEP	2025-12-05T04:51:15.8999694Z ##[group]Runner Image Provisioner
JsonFileValidation	UNKNOWN STEP	2025-12-05T04:51:15.9000802Z Hosted Compute Agent
JsonFileValidation	UNKNOWN STEP	2025-12-05T04:51:15.9001797Z Version: 20251124.448
JsonFileValidation	UNKNOWN STEP	2025-12-05T04:51:15.9002744Z Commit: fda5086b43ec66ade217e5fcd18146c879571177
JsonFileValidation	UNKNOWN STEP	2025-12-05T04:51:15.9003773Z Build Date: 2025-11-24T21:16:26Z
JsonFileValidation	UNKNOWN STEP	2025-12-05T04:51:15.9004923Z ##[endgroup]
JsonFileValidation	UNKNOWN STEP	2025-12-05T04:51:15.9005749Z ##[group]Operating System
JsonFileValidation	UNKNOWN STEP	2025-12-05T04:51:15.9006591Z Ubuntu
JsonFileValidation	UNKNOWN STEP	2025-12-05T04:51:15.9007413Z 24.04.3
JsonFileValidation	UNKNOWN STEP	2025-12-05T04:51:15.9008179Z LTS
JsonFileValidation	UNKNOWN STEP	2025-12-05T04:51:15.9008867Z ##[endgroup]
JsonFileValidation	UNKNOWN STEP	2025-12-05T04:51:15.9009948Z ##[group]Runner Image
JsonFileValidation	UNKNOWN STEP	2025-12-05T04:51:15.9010881Z Image: ubuntu-24.04
JsonFileValidation	UNKNOWN STEP	2025-12-05T04:51:15.9011655Z Version: 20251126.144.1
JsonFileValidation	UNKNOWN STEP	2025-12-05T04:51:15.9013469Z Included Software: https://github.com/actions/runner-images/blob/ubuntu24/20251126.144/images/ubuntu/Ubuntu2404-Readme.md
JsonFileValidation	UNKNOWN STEP	2025-12-05T04:51:15.9016019Z Image Release: https://github.com/actions/runner-images/releases/tag/ubuntu24%2F20251126.144
JsonFileValidation	UNKNOWN STEP	2025-12-05T04:51:15.9017714Z ##[endgroup]
JsonFileValidation	UNKNOWN STEP	2025-12-05T04:51:15.9019449Z ##[group]GITHUB_TOKEN Permissions
JsonFileValidation	UNKNOWN STEP	2025-12-05T04:51:15.9022210Z Contents: read
JsonFileValidation	UNKNOWN STEP	2025-12-05T04:51:15.9023022Z Metadata: read
JsonFileValidation	UNKNOWN STEP	2025-12-05T04:51:15.9023719Z Packages: read
JsonFileValidation	UNKNOWN STEP	2025-12-05T04:51:15.9024684Z ##[endgroup]
JsonFileValidation	UNKNOWN STEP	2025-12-05T04:51:15.9027841Z Secret source: None
JsonFileValidation	UNKNOWN STEP	2025-12-05T04:51:15.9029093Z Prepare workflow directory
JsonFileValidation	UNKNOWN STEP	2025-12-05T04:51:15.9758912Z Prepare all required actions
JsonFileValidation	UNKNOWN STEP	2025-12-05T04:51:15.9815076Z Getting action download info
JsonFileValidation	UNKNOWN STEP	2025-12-05T04:51:16.2236121Z Download action repository 'actions/checkout@v4' (SHA:34e114876b0b11c390a56381ad16ebd13914f8d5)
JsonFileValidation	UNKNOWN STEP	2025-12-05T04:51:16.5523090Z Complete job name: JsonFileValidation
JsonFileValidation	UNKNOWN STEP	2025-12-05T04:51:16.6116255Z ##[group]Run actions/checkout@v4
JsonFileValidation	UNKNOWN STEP	2025-12-05T04:51:16.6117067Z with:
JsonFileValidation	UNKNOWN STEP	2025-12-05T04:51:16.6117483Z   repository: Azure/Azure-Sentinel
JsonFileValidation	UNKNOWN STEP	2025-12-05T04:51:16.6118140Z   token: ***
JsonFileValidation	UNKNOWN STEP	2025-12-05T04:51:16.6118525Z   ssh-strict: true
JsonFileValidation	UNKNOWN STEP	2025-12-05T04:51:16.6118914Z   ssh-user: git
JsonFileValidation	UNKNOWN STEP	2025-12-05T04:51:16.6119318Z   persist-credentials: true
JsonFileValidation	UNKNOWN STEP	2025-12-05T04:51:16.6120006Z   clean: true
JsonFileValidation	UNKNOWN STEP	2025-12-05T04:51:16.6120596Z   sparse-checkout-cone-mode: true
JsonFileValidation	UNKNOWN STEP	2025-12-05T04:51:16.6121248Z   fetch-depth: 1
JsonFileValidation	UNKNOWN STEP	2025-12-05T04:51:16.6121634Z   fetch-tags: false
JsonFileValidation	UNKNOWN STEP	2025-12-05T04:51:16.6122306Z   show-progress: true
JsonFileValidation	UNKNOWN STEP	2025-12-05T04:51:16.6122709Z   lfs: false
JsonFileValidation	UNKNOWN STEP	2025-12-05T04:51:16.6123073Z   submodules: false
JsonFileValidation	UNKNOWN STEP	2025-12-05T04:51:16.6123470Z   set-safe-directory: true
JsonFileValidation	UNKNOWN STEP	2025-12-05T04:51:16.6124218Z env:
JsonFileValidation	UNKNOWN STEP	2025-12-05T04:51:16.6124579Z   REPO_OWNER: Azure
JsonFileValidation	UNKNOWN STEP	2025-12-05T04:51:16.6124985Z   REPO_NAME: Azure-Sentinel
JsonFileValidation	UNKNOWN STEP	2025-12-05T04:51:16.6125420Z   PRNUM: 13241
JsonFileValidation	UNKNOWN STEP	2025-12-05T04:51:16.6125790Z   GITHUBAPPID: 
JsonFileValidation	UNKNOWN STEP	2025-12-05T04:51:16.6126219Z   GITHUBAPPINSTALLATIONID: 
JsonFileValidation	UNKNOWN STEP	2025-12-05T04:51:16.6126674Z   GITHUBAPPPRIVATEKEY: 
JsonFileValidation	UNKNOWN STEP	2025-12-05T04:51:16.6127119Z   SYSTEM_PULLREQUEST_ISFORK: true
JsonFileValidation	UNKNOWN STEP	2025-12-05T04:51:16.6127594Z ##[endgroup]
JsonFileValidation	UNKNOWN STEP	2025-12-05T04:51:16.7195012Z Syncing repository: Azure/Azure-Sentinel
JsonFileValidation	UNKNOWN STEP	2025-12-05T04:51:16.7196703Z ##[group]Getting Git version info
JsonFileValidation	UNKNOWN STEP	2025-12-05T04:51:16.7197456Z Working directory is '/home/runner/work/Azure-Sentinel/Azure-Sentinel'
JsonFileValidation	UNKNOWN STEP	2025-12-05T04:51:16.7198803Z [command]/usr/bin/git version
JsonFileValidation	UNKNOWN STEP	2025-12-05T04:51:16.7302718Z git version 2.52.0
JsonFileValidation	UNKNOWN STEP	2025-12-05T04:51:16.7328709Z ##[endgroup]
JsonFileValidation	UNKNOWN STEP	2025-12-05T04:51:16.7342641Z Temporarily overriding HOME='/home/runner/work/_temp/f8c3fb96-e074-442b-9e37-8ff30b87b832' before making global git config changes
JsonFileValidation	UNKNOWN STEP	2025-12-05T04:51:16.7344185Z Adding repository directory to the temporary git global config as a safe directory
JsonFileValidation	UNKNOWN STEP	2025-12-05T04:51:16.7347509Z [command]/usr/bin/git config --global --add safe.directory /home/runner/work/Azure-Sentinel/Azure-Sentinel
JsonFileValidation	UNKNOWN STEP	2025-12-05T04:51:16.7389768Z Deleting the contents of '/home/runner/work/Azure-Sentinel/Azure-Sentinel'
JsonFileValidation	UNKNOWN STEP	2025-12-05T04:51:16.7393243Z ##[group]Initializing the repository
JsonFileValidation	UNKNOWN STEP	2025-12-05T04:51:16.7397328Z [command]/usr/bin/git init /home/runner/work/Azure-Sentinel/Azure-Sentinel
JsonFileValidation	UNKNOWN STEP	2025-12-05T04:51:16.7512944Z hint: Using 'master' as the name for the initial branch. This default branch name
JsonFileValidation	UNKNOWN STEP	2025-12-05T04:51:16.7514313Z hint: will change to "main" in Git 3.0. To configure the initial branch name
JsonFileValidation	UNKNOWN STEP	2025-12-05T04:51:16.7515196Z hint: to use in all of your new repositories, which will suppress this warning,
JsonFileValidation	UNKNOWN STEP	2025-12-05T04:51:16.7515891Z hint: call:
JsonFileValidation	UNKNOWN STEP	2025-12-05T04:51:16.7516260Z hint:
JsonFileValidation	UNKNOWN STEP	2025-12-05T04:51:16.7516735Z hint: 	git config --global init.defaultBranch <name>
JsonFileValidation	UNKNOWN STEP	2025-12-05T04:51:16.7517401Z hint:
JsonFileValidation	UNKNOWN STEP	2025-12-05T04:51:16.7518277Z hint: Names commonly chosen instead of 'master' are 'main', 'trunk' and
JsonFileValidation	UNKNOWN STEP	2025-12-05T04:51:16.7519379Z hint: 'development'. The just-created branch can be renamed via this command:
JsonFileValidation	UNKNOWN STEP	2025-12-05T04:51:16.7520247Z hint:
JsonFileValidation	UNKNOWN STEP	2025-12-05T04:51:16.7520652Z hint: 	git branch -m <name>
JsonFileValidation	UNKNOWN STEP	2025-12-05T04:51:16.7521114Z hint:
JsonFileValidation	UNKNOWN STEP	2025-12-05T04:51:16.7521717Z hint: Disable this message with "git config set advice.defaultBranchName false"
JsonFileValidation	UNKNOWN STEP	2025-12-05T04:51:16.7522981Z Initialized empty Git repository in /home/runner/work/Azure-Sentinel/Azure-Sentinel/.git/
JsonFileValidation	UNKNOWN STEP	2025-12-05T04:51:16.7529680Z [command]/usr/bin/git remote add origin https://github.com/Azure/Azure-Sentinel
JsonFileValidation	UNKNOWN STEP	2025-12-05T04:51:16.7562085Z ##[endgroup]
JsonFileValidation	UNKNOWN STEP	2025-12-05T04:51:16.7562802Z ##[group]Disabling automatic garbage collection
JsonFileValidation	UNKNOWN STEP	2025-12-05T04:51:16.7565959Z [command]/usr/bin/git config --local gc.auto 0
JsonFileValidation	UNKNOWN STEP	2025-12-05T04:51:16.7593118Z ##[endgroup]
JsonFileValidation	UNKNOWN STEP	2025-12-05T04:51:16.7593767Z ##[group]Setting up auth
JsonFileValidation	UNKNOWN STEP	2025-12-05T04:51:16.7599828Z [command]/usr/bin/git config --local --name-only --get-regexp core\.sshCommand
JsonFileValidation	UNKNOWN STEP	2025-12-05T04:51:16.7628894Z [command]/usr/bin/git submodule foreach --recursive sh -c "git config --local --name-only --get-regexp 'core\.sshCommand' && git config --local --unset-all 'core.sshCommand' || :"
JsonFileValidation	UNKNOWN STEP	2025-12-05T04:51:16.7989146Z [command]/usr/bin/git config --local --name-only --get-regexp http\.https\:\/\/github\.com\/\.extraheader
JsonFileValidation	UNKNOWN STEP	2025-12-05T04:51:16.8019679Z [command]/usr/bin/git submodule foreach --recursive sh -c "git config --local --name-only --get-regexp 'http\.https\:\/\/github\.com\/\.extraheader' && git config --local --unset-all 'http.https://github.com/.extraheader' || :"
JsonFileValidation	UNKNOWN STEP	2025-12-05T04:51:16.8235540Z [command]/usr/bin/git config --local --name-only --get-regexp ^includeIf\.gitdir:
JsonFileValidation	UNKNOWN STEP	2025-12-05T04:51:16.8264727Z [command]/usr/bin/git submodule foreach --recursive git config --local --show-origin --name-only --get-regexp remote.origin.url
JsonFileValidation	UNKNOWN STEP	2025-12-05T04:51:16.8483772Z [command]/usr/bin/git config --local http.https://github.com/.extraheader AUTHORIZATION: basic ***
JsonFileValidation	UNKNOWN STEP	2025-12-05T04:51:16.8516845Z ##[endgroup]
JsonFileValidation	UNKNOWN STEP	2025-12-05T04:51:16.8517589Z ##[group]Fetching the repository
JsonFileValidation	UNKNOWN STEP	2025-12-05T04:51:16.8525785Z [command]/usr/bin/git -c protocol.version=2 fetch --no-tags --prune --no-recurse-submodules --depth=1 origin +0f41bb3acc22375272ce565a906672035f2f88c5:refs/remotes/pull/13241/merge
JsonFileValidation	UNKNOWN STEP	2025-12-05T04:53:07.4557731Z From https://github.com/Azure/Azure-Sentinel
JsonFileValidation	UNKNOWN STEP	2025-12-05T04:53:07.4559987Z  * [new ref]           0f41bb3acc22375272ce565a906672035f2f88c5 -> pull/13241/merge
JsonFileValidation	UNKNOWN STEP	2025-12-05T04:53:07.4588780Z ##[endgroup]
JsonFileValidation	UNKNOWN STEP	2025-12-05T04:53:07.4591282Z ##[group]Determining the checkout info
JsonFileValidation	UNKNOWN STEP	2025-12-05T04:53:07.4592149Z ##[endgroup]
JsonFileValidation	UNKNOWN STEP	2025-12-05T04:53:07.4597663Z [command]/usr/bin/git sparse-checkout disable
JsonFileValidation	UNKNOWN STEP	2025-12-05T04:53:07.4640134Z [command]/usr/bin/git config --local --unset-all extensions.worktreeConfig
JsonFileValidation	UNKNOWN STEP	2025-12-05T04:53:07.4664640Z ##[group]Checking out the ref
JsonFileValidation	UNKNOWN STEP	2025-12-05T04:53:07.4669449Z [command]/usr/bin/git checkout --progress --force refs/remotes/pull/13241/merge
JsonFileValidation	UNKNOWN STEP	2025-12-05T04:53:08.5970701Z Updating files:  24% (6961/28837)
JsonFileValidation	UNKNOWN STEP	2025-12-05T04:53:08.6773868Z Updating files:  25% (7210/28837)
JsonFileValidation	UNKNOWN STEP	2025-12-05T04:53:08.7524091Z Updating files:  26% (7498/28837)
JsonFileValidation	UNKNOWN STEP	2025-12-05T04:53:08.8298937Z Updating files:  27% (7786/28837)
JsonFileValidation	UNKNOWN STEP	2025-12-05T04:53:08.9661246Z Updating files:  28% (8075/28837)
JsonFileValidation	UNKNOWN STEP	2025-12-05T04:53:09.2283816Z Updating files:  29% (8363/28837)
JsonFileValidation	UNKNOWN STEP	2025-12-05T04:53:09.2775053Z Updating files:  30% (8652/28837)
JsonFileValidation	UNKNOWN STEP	2025-12-05T04:53:09.5239839Z Updating files:  31% (8940/28837)
JsonFileValidation	UNKNOWN STEP	2025-12-05T04:53:09.7213099Z Updating files:  31% (9159/28837)
JsonFileValidation	UNKNOWN STEP	2025-12-05T04:53:09.7594806Z Updating files:  32% (9228/28837)
JsonFileValidation	UNKNOWN STEP	2025-12-05T04:53:10.0060775Z Updating files:  33% (9517/28837)
JsonFileValidation	UNKNOWN STEP	2025-12-05T04:53:10.0765265Z Updating files:  34% (9805/28837)
JsonFileValidation	UNKNOWN STEP	2025-12-05T04:53:10.4812811Z Updating files:  35% (10093/28837)
JsonFileValidation	UNKNOWN STEP	2025-12-05T04:53:10.5152043Z Updating files:  36% (10382/28837)
JsonFileValidation	UNKNOWN STEP	2025-12-05T04:53:10.5478260Z Updating files:  36% (10430/28837)
JsonFileValidation	UNKNOWN STEP	2025-12-05T04:53:10.5959934Z Updating files:  37% (10670/28837)
JsonFileValidation	UNKNOWN STEP	2025-12-05T04:53:10.7632956Z Updating files:  38% (10959/28837)
JsonFileValidation	UNKNOWN STEP	2025-12-05T04:53:10.8631177Z Updating files:  39% (11247/28837)
JsonFileValidation	UNKNOWN STEP	2025-12-05T04:53:11.0254057Z Updating files:  40% (11535/28837)
JsonFileValidation	UNKNOWN STEP	2025-12-05T04:53:11.1061463Z Updating files:  41% (11824/28837)
JsonFileValidation	UNKNOWN STEP	2025-12-05T04:53:11.2829010Z Updating files:  42% (12112/28837)
JsonFileValidation	UNKNOWN STEP	2025-12-05T04:53:11.4798715Z Updating files:  43% (12400/28837)
JsonFileValidation	UNKNOWN STEP	2025-12-05T04:53:11.5082080Z Updating files:  44% (12689/28837)
JsonFileValidation	UNKNOWN STEP	2025-12-05T04:53:11.6286062Z Updating files:  44% (12712/28837)
JsonFileValidation	UNKNOWN STEP	2025-12-05T04:53:11.8807769Z Updating files:  45% (12977/28837)
JsonFileValidation	UNKNOWN STEP	2025-12-05T04:53:11.9146371Z Updating files:  46% (13266/28837)
JsonFileValidation	UNKNOWN STEP	2025-12-05T04:53:11.9878854Z Updating files:  47% (13554/28837)
JsonFileValidation	UNKNOWN STEP	2025-12-05T04:53:12.0262201Z Updating files:  48% (13842/28837)
JsonFileValidation	UNKNOWN STEP	2025-12-05T04:53:12.1707660Z Updating files:  49% (14131/28837)
JsonFileValidation	UNKNOWN STEP	2025-12-05T04:53:12.3934283Z Updating files:  50% (14419/28837)
JsonFileValidation	UNKNOWN STEP	2025-12-05T04:53:12.4586757Z Updating files:  51% (14707/28837)
JsonFileValidation	UNKNOWN STEP	2025-12-05T04:53:12.5005476Z Updating files:  52% (14996/28837)
JsonFileValidation	UNKNOWN STEP	2025-12-05T04:53:12.6206250Z Updating files:  52% (15052/28837)
JsonFileValidation	UNKNOWN STEP	2025-12-05T04:53:12.6803034Z Updating files:  53% (15284/28837)
JsonFileValidation	UNKNOWN STEP	2025-12-05T04:53:12.9796797Z Updating files:  54% (15572/28837)
JsonFileValidation	UNKNOWN STEP	2025-12-05T04:53:13.2315208Z Updating files:  55% (15861/28837)
JsonFileValidation	UNKNOWN STEP	2025-12-05T04:53:13.4206217Z Updating files:  56% (16149/28837)
JsonFileValidation	UNKNOWN STEP	2025-12-05T04:53:13.5947930Z Updating files:  57% (16438/28837)
JsonFileValidation	UNKNOWN STEP	2025-12-05T04:53:13.9395399Z Updating files:  57% (16459/28837)
JsonFileValidation	UNKNOWN STEP	2025-12-05T04:53:14.3458636Z Updating files:  58% (16726/28837)
JsonFileValidation	UNKNOWN STEP	2025-12-05T04:53:14.5095747Z Updating files:  59% (17014/28837)
JsonFileValidation	UNKNOWN STEP	2025-12-05T04:53:14.6320651Z Updating files:  59% (17167/28837)
JsonFileValidation	UNKNOWN STEP	2025-12-05T04:53:14.6778150Z Updating files:  60% (17303/28837)
JsonFileValidation	UNKNOWN STEP	2025-12-05T04:53:14.8504382Z Updating files:  61% (17591/28837)
JsonFileValidation	UNKNOWN STEP	2025-12-05T04:53:15.3383509Z Updating files:  62% (17879/28837)
JsonFileValidation	UNKNOWN STEP	2025-12-05T04:53:15.3504648Z Updating files:  63% (18168/28837)
JsonFileValidation	UNKNOWN STEP	2025-12-05T04:53:15.4035945Z Updating files:  64% (18456/28837)
JsonFileValidation	UNKNOWN STEP	2025-12-05T04:53:15.4768734Z Updating files:  65% (18745/28837)
JsonFileValidation	UNKNOWN STEP	2025-12-05T04:53:15.5006997Z Updating files:  66% (19033/28837)
JsonFileValidation	UNKNOWN STEP	2025-12-05T04:53:15.5380431Z Updating files:  66% (19141/28837)
JsonFileValidation	UNKNOWN STEP	2025-12-05T04:53:15.9638798Z Updating files:  67% (19321/28837)
JsonFileValidation	UNKNOWN STEP	2025-12-05T04:53:16.2317240Z Updating files:  68% (19610/28837)
JsonFileValidation	UNKNOWN STEP	2025-12-05T04:53:16.4399227Z Updating files:  69% (19898/28837)
JsonFileValidation	UNKNOWN STEP	2025-12-05T04:53:16.5023736Z Updating files:  70% (20186/28837)
JsonFileValidation	UNKNOWN STEP	2025-12-05T04:53:16.5323460Z Updating files:  70% (20354/28837)
JsonFileValidation	UNKNOWN STEP	2025-12-05T04:53:16.7213608Z Updating files:  71% (20475/28837)
JsonFileValidation	UNKNOWN STEP	2025-12-05T04:53:16.9179927Z Updating files:  72% (20763/28837)
JsonFileValidation	UNKNOWN STEP	2025-12-05T04:53:16.9549948Z Updating files:  73% (21052/28837)
JsonFileValidation	UNKNOWN STEP	2025-12-05T04:53:17.0378322Z Updating files:  74% (21340/28837)
JsonFileValidation	UNKNOWN STEP	2025-12-05T04:53:17.1622151Z Updating files:  75% (21628/28837)
JsonFileValidation	UNKNOWN STEP	2025-12-05T04:53:17.2803389Z Updating files:  76% (21917/28837)
JsonFileValidation	UNKNOWN STEP	2025-12-05T04:53:17.4527606Z Updating files:  77% (22205/28837)
JsonFileValidation	UNKNOWN STEP	2025-12-05T04:53:17.5190188Z Updating files:  78% (22493/28837)
JsonFileValidation	UNKNOWN STEP	2025-12-05T04:53:17.5609056Z Updating files:  78% (22657/28837)
JsonFileValidation	UNKNOWN STEP	2025-12-05T04:53:17.7545457Z Updating files:  79% (22782/28837)
JsonFileValidation	UNKNOWN STEP	2025-12-05T04:53:18.0175069Z Updating files:  80% (23070/28837)
JsonFileValidation	UNKNOWN STEP	2025-12-05T04:53:18.0703509Z Updating files:  81% (23358/28837)
JsonFileValidation	UNKNOWN STEP	2025-12-05T04:53:18.4933623Z Updating files:  82% (23647/28837)
JsonFileValidation	UNKNOWN STEP	2025-12-05T04:53:18.5209074Z Updating files:  83% (23935/28837)
JsonFileValidation	UNKNOWN STEP	2025-12-05T04:53:18.5486035Z Updating files:  83% (23984/28837)
JsonFileValidation	UNKNOWN STEP	2025-12-05T04:53:18.6628731Z Updating files:  84% (24224/28837)
JsonFileValidation	UNKNOWN STEP	2025-12-05T04:53:18.7731647Z Updating files:  85% (24512/28837)
JsonFileValidation	UNKNOWN STEP	2025-12-05T04:53:18.8596407Z Updating files:  86% (24800/28837)
JsonFileValidation	UNKNOWN STEP	2025-12-05T04:53:19.0567909Z Updating files:  87% (25089/28837)
JsonFileValidation	UNKNOWN STEP	2025-12-05T04:53:19.2783904Z Updating files:  88% (25377/28837)
JsonFileValidation	UNKNOWN STEP	2025-12-05T04:53:19.3844222Z Updating files:  89% (25665/28837)
JsonFileValidation	UNKNOWN STEP	2025-12-05T04:53:19.4542799Z Updating files:  90% (25954/28837)
JsonFileValidation	UNKNOWN STEP	2025-12-05T04:53:19.5198166Z Updating files:  91% (26242/28837)
JsonFileValidation	UNKNOWN STEP	2025-12-05T04:53:19.5527852Z Updating files:  91% (26435/28837)
JsonFileValidation	UNKNOWN STEP	2025-12-05T04:53:19.5963940Z Updating files:  92% (26531/28837)
JsonFileValidation	UNKNOWN STEP	2025-12-05T04:53:19.7444460Z Updating files:  93% (26819/28837)
JsonFileValidation	UNKNOWN STEP	2025-12-05T04:53:19.7761670Z Updating files:  94% (27107/28837)
JsonFileValidation	UNKNOWN STEP	2025-12-05T04:53:19.9588847Z Updating files:  95% (27396/28837)
JsonFileValidation	UNKNOWN STEP	2025-12-05T04:53:20.2405870Z Updating files:  96% (27684/28837)
JsonFileValidation	UNKNOWN STEP	2025-12-05T04:53:20.5005568Z Updating files:  97% (27972/28837)
JsonFileValidation	UNKNOWN STEP	2025-12-05T04:53:20.5223379Z Updating files:  97% (28219/28837)
JsonFileValidation	UNKNOWN STEP	2025-12-05T04:53:20.7481600Z Updating files:  98% (28261/28837)
JsonFileValidation	UNKNOWN STEP	2025-12-05T04:53:20.8717951Z Updating files:  99% (28549/28837)
JsonFileValidation	UNKNOWN STEP	2025-12-05T04:53:20.8718791Z Updating files: 100% (28837/28837)
JsonFileValidation	UNKNOWN STEP	2025-12-05T04:53:20.8719308Z Updating files: 100% (28837/28837), done.
JsonFileValidation	UNKNOWN STEP	2025-12-05T04:53:20.9237714Z Note: switching to 'refs/remotes/pull/13241/merge'.
JsonFileValidation	UNKNOWN STEP	2025-12-05T04:53:20.9238223Z 
JsonFileValidation	UNKNOWN STEP	2025-12-05T04:53:20.9238684Z You are in 'detached HEAD' state. You can look around, make experimental
JsonFileValidation	UNKNOWN STEP	2025-12-05T04:53:20.9239839Z changes and commit them, and you can discard any commits you make in this
JsonFileValidation	UNKNOWN STEP	2025-12-05T04:53:20.9240732Z state without impacting any branches by switching back to a branch.
JsonFileValidation	UNKNOWN STEP	2025-12-05T04:53:20.9241255Z 
JsonFileValidation	UNKNOWN STEP	2025-12-05T04:53:20.9241595Z If you want to create a new branch to retain commits you create, you may
JsonFileValidation	UNKNOWN STEP	2025-12-05T04:53:20.9242413Z do so (now or later) by using -c with the switch command. Example:
JsonFileValidation	UNKNOWN STEP	2025-12-05T04:53:20.9242826Z 
JsonFileValidation	UNKNOWN STEP	2025-12-05T04:53:20.9243283Z   git switch -c <new-branch-name>
JsonFileValidation	UNKNOWN STEP	2025-12-05T04:53:20.9243555Z 
JsonFileValidation	UNKNOWN STEP	2025-12-05T04:53:20.9243702Z Or undo this operation with:
JsonFileValidation	UNKNOWN STEP	2025-12-05T04:53:20.9243940Z 
JsonFileValidation	UNKNOWN STEP	2025-12-05T04:53:20.9244060Z   git switch -
JsonFileValidation	UNKNOWN STEP	2025-12-05T04:53:20.9244235Z 
JsonFileValidation	UNKNOWN STEP	2025-12-05T04:53:20.9244557Z Turn off this advice by setting config variable advice.detachedHead to false
JsonFileValidation	UNKNOWN STEP	2025-12-05T04:53:20.9245083Z 
JsonFileValidation	UNKNOWN STEP	2025-12-05T04:53:20.9245646Z HEAD is now at 0f41bb3a Merge 6893920281b18446b2b8193a4cc18ece71ecff81 into aaca33fc6e4cf5fa1560b410aae3525cc241419e
JsonFileValidation	UNKNOWN STEP	2025-12-05T04:53:21.0036469Z ##[endgroup]
JsonFileValidation	UNKNOWN STEP	2025-12-05T04:53:21.0084856Z [command]/usr/bin/git log -1 --format=%H
JsonFileValidation	UNKNOWN STEP	2025-12-05T04:53:21.0107674Z 0f41bb3acc22375272ce565a906672035f2f88c5
JsonFileValidation	UNKNOWN STEP	2025-12-05T04:53:21.0281392Z ##[group]Run npm install -g npm@6.14.18;which npm;npm -v
JsonFileValidation	UNKNOWN STEP	2025-12-05T04:53:21.0281821Z [36;1mnpm install -g npm@6.14.18;which npm;npm -v[0m
JsonFileValidation	UNKNOWN STEP	2025-12-05T04:53:21.0318441Z shell: /usr/bin/bash -e {0}
JsonFileValidation	UNKNOWN STEP	2025-12-05T04:53:21.0318669Z env:
JsonFileValidation	UNKNOWN STEP	2025-12-05T04:53:21.0318846Z   REPO_OWNER: Azure
JsonFileValidation	UNKNOWN STEP	2025-12-05T04:53:21.0319042Z   REPO_NAME: Azure-Sentinel
JsonFileValidation	UNKNOWN STEP	2025-12-05T04:53:21.0319247Z   PRNUM: 13241
JsonFileValidation	UNKNOWN STEP	2025-12-05T04:53:21.0319423Z   GITHUBAPPID: 
JsonFileValidation	UNKNOWN STEP	2025-12-05T04:53:21.0319874Z   GITHUBAPPINSTALLATIONID: 
JsonFileValidation	UNKNOWN STEP	2025-12-05T04:53:21.0320099Z   GITHUBAPPPRIVATEKEY: 
JsonFileValidation	UNKNOWN STEP	2025-12-05T04:53:21.0320304Z   SYSTEM_PULLREQUEST_ISFORK: true
JsonFileValidation	UNKNOWN STEP	2025-12-05T04:53:21.0320521Z ##[endgroup]
JsonFileValidation	UNKNOWN STEP	2025-12-05T04:53:28.0104752Z 
JsonFileValidation	UNKNOWN STEP	2025-12-05T04:53:28.0105228Z removed 89 packages, and changed 99 packages in 5s
JsonFileValidation	UNKNOWN STEP	2025-12-05T04:53:28.0105662Z 
JsonFileValidation	UNKNOWN STEP	2025-12-05T04:53:28.0105811Z 4 packages are looking for funding
JsonFileValidation	UNKNOWN STEP	2025-12-05T04:53:28.0106260Z   run `npm fund` for details
JsonFileValidation	UNKNOWN STEP	2025-12-05T04:53:28.0277544Z /usr/local/bin/npm
JsonFileValidation	UNKNOWN STEP	2025-12-05T04:53:28.1303379Z 6.14.18
JsonFileValidation	UNKNOWN STEP	2025-12-05T04:53:28.1387383Z ##[group]Run npm install
JsonFileValidation	UNKNOWN STEP	2025-12-05T04:53:28.1387639Z [36;1mnpm install[0m
JsonFileValidation	UNKNOWN STEP	2025-12-05T04:53:28.1422393Z shell: /usr/bin/bash -e {0}
JsonFileValidation	UNKNOWN STEP	2025-12-05T04:53:28.1422624Z env:
JsonFileValidation	UNKNOWN STEP	2025-12-05T04:53:28.1422799Z   REPO_OWNER: Azure
JsonFileValidation	UNKNOWN STEP	2025-12-05T04:53:28.1422986Z   REPO_NAME: Azure-Sentinel
JsonFileValidation	UNKNOWN STEP	2025-12-05T04:53:28.1423192Z   PRNUM: 13241
JsonFileValidation	UNKNOWN STEP	2025-12-05T04:53:28.1423360Z   GITHUBAPPID: 
JsonFileValidation	UNKNOWN STEP	2025-12-05T04:53:28.1423546Z   GITHUBAPPINSTALLATIONID: 
JsonFileValidation	UNKNOWN STEP	2025-12-05T04:53:28.1423749Z   GITHUBAPPPRIVATEKEY: 
JsonFileValidation	UNKNOWN STEP	2025-12-05T04:53:28.1423955Z   SYSTEM_PULLREQUEST_ISFORK: true
JsonFileValidation	UNKNOWN STEP	2025-12-05T04:53:28.1424170Z ##[endgroup]
JsonFileValidation	UNKNOWN STEP	2025-12-05T04:53:31.4808804Z npm WARN optional SKIPPING OPTIONAL DEPENDENCY: fsevents@2.3.3 (node_modules/fsevents):
JsonFileValidation	UNKNOWN STEP	2025-12-05T04:53:31.4812388Z npm WARN notsup SKIPPING OPTIONAL DEPENDENCY: Unsupported platform for fsevents@2.3.3: wanted {"os":"darwin","arch":"any"} (current: {"os":"linux","arch":"x64"})
JsonFileValidation	UNKNOWN STEP	2025-12-05T04:53:31.4813421Z 
JsonFileValidation	UNKNOWN STEP	2025-12-05T04:53:31.4823664Z added 199 packages from 204 contributors and audited 200 packages in 3.075s
JsonFileValidation	UNKNOWN STEP	2025-12-05T04:53:31.5264646Z 
JsonFileValidation	UNKNOWN STEP	2025-12-05T04:53:31.5264979Z 28 packages are looking for funding
JsonFileValidation	UNKNOWN STEP	2025-12-05T04:53:31.5265397Z   run `npm fund` for details
JsonFileValidation	UNKNOWN STEP	2025-12-05T04:53:31.5265582Z 
JsonFileValidation	UNKNOWN STEP	2025-12-05T04:53:31.5269239Z found 6 vulnerabilities (5 moderate, 1 critical)
JsonFileValidation	UNKNOWN STEP	2025-12-05T04:53:31.5270044Z   run `npm audit fix` to fix them, or `npm audit` for details
JsonFileValidation	UNKNOWN STEP	2025-12-05T04:53:31.5613983Z ##[group]Run npm run tsc && node .script/jsonFileValidator.js
JsonFileValidation	UNKNOWN STEP	2025-12-05T04:53:31.5614428Z [36;1mnpm run tsc && node .script/jsonFileValidator.js[0m
JsonFileValidation	UNKNOWN STEP	2025-12-05T04:53:31.5648837Z shell: /usr/bin/bash -e {0}
JsonFileValidation	UNKNOWN STEP	2025-12-05T04:53:31.5649064Z env:
JsonFileValidation	UNKNOWN STEP	2025-12-05T04:53:31.5649246Z   REPO_OWNER: Azure
JsonFileValidation	UNKNOWN STEP	2025-12-05T04:53:31.5649439Z   REPO_NAME: Azure-Sentinel
JsonFileValidation	UNKNOWN STEP	2025-12-05T04:53:31.5649825Z   PRNUM: 13241
JsonFileValidation	UNKNOWN STEP	2025-12-05T04:53:31.5650006Z   GITHUBAPPID: 
JsonFileValidation	UNKNOWN STEP	2025-12-05T04:53:31.5650190Z   GITHUBAPPINSTALLATIONID: 
JsonFileValidation	UNKNOWN STEP	2025-12-05T04:53:31.5650419Z   GITHUBAPPPRIVATEKEY: 
JsonFileValidation	UNKNOWN STEP	2025-12-05T04:53:31.5650632Z   SYSTEM_PULLREQUEST_ISFORK: true
JsonFileValidation	UNKNOWN STEP	2025-12-05T04:53:31.5650849Z ##[endgroup]
JsonFileValidation	UNKNOWN STEP	2025-12-05T04:53:31.7048726Z 
JsonFileValidation	UNKNOWN STEP	2025-12-05T04:53:31.7049845Z > azure-sentinel@1.0.0 tsc /home/runner/work/Azure-Sentinel/Azure-Sentinel
JsonFileValidation	UNKNOWN STEP	2025-12-05T04:53:31.7050348Z > tsc
JsonFileValidation	UNKNOWN STEP	2025-12-05T04:53:31.7050486Z 
JsonFileValidation	UNKNOWN STEP	2025-12-05T04:53:38.0480805Z Running in a forked repository. Creating unauthenticated Octokit client.
JsonFileValidation	UNKNOWN STEP	2025-12-05T04:53:38.0494212Z Getting PR details
JsonFileValidation	UNKNOWN STEP	2025-12-05T04:53:38.1631327Z GET /repos/Azure/Azure-Sentinel/pulls/13241 - 403 with id 5018:3C7E25:166365:6327DC:69326552 in 113ms
JsonFileValidation	UNKNOWN STEP	2025-12-05T04:53:38.1661531Z RequestError [HttpError]: API rate limit exceeded for 172.208.127.84. (But here's the good news: Authenticated requests get a higher rate limit. Check out the documentation for more details.) - https://docs.github.com/rest/overview/resources-in-the-rest-api#rate-limiting
JsonFileValidation	UNKNOWN STEP	2025-12-05T04:53:38.1664259Z     at fetchWrapper (file:///home/runner/work/Azure-Sentinel/Azure-Sentinel/node_modules/@octokit/request/dist-bundle/index.js:122:11)
JsonFileValidation	UNKNOWN STEP	2025-12-05T04:53:38.1665778Z     at process.processTicksAndRejections (node:internal/process/task_queues:95:5)
JsonFileValidation	UNKNOWN STEP	2025-12-05T04:53:38.1667081Z     at async GetPRDetails (file:///home/runner/work/Azure-Sentinel/Azure-Sentinel/.script/utils/gitHubWrapper.js:39:26)
JsonFileValidation	UNKNOWN STEP	2025-12-05T04:53:38.1668562Z     at async GetDiffFiles (file:///home/runner/work/Azure-Sentinel/Azure-Sentinel/.script/utils/gitHubWrapper.js:49:16)
JsonFileValidation	UNKNOWN STEP	2025-12-05T04:53:38.1670841Z     at async changedFilesValidator (file:///home/runner/work/Azure-Sentinel/Azure-Sentinel/.script/utils/changedFilesValidator.js:4:26) {
JsonFileValidation	UNKNOWN STEP	2025-12-05T04:53:38.1671758Z   status: 403,
JsonFileValidation	UNKNOWN STEP	2025-12-05T04:53:38.1671970Z   request: {
JsonFileValidation	UNKNOWN STEP	2025-12-05T04:53:38.1672179Z     method: 'GET',
JsonFileValidation	UNKNOWN STEP	2025-12-05T04:53:38.1672542Z     url: 'https://api.github.com/repos/Azure/Azure-Sentinel/pulls/13241',
JsonFileValidation	UNKNOWN STEP	2025-12-05T04:53:38.1672956Z     headers: {
JsonFileValidation	UNKNOWN STEP	2025-12-05T04:53:38.1673210Z       accept: 'application/vnd.github.v3+json',
JsonFileValidation	UNKNOWN STEP	2025-12-05T04:53:38.1673712Z       'user-agent': 'octokit-rest.js/21.1.1 octokit-core.js/6.1.6 Node.js/20.19.6 (linux; x64)'
JsonFileValidation	UNKNOWN STEP	2025-12-05T04:53:38.1674187Z     },
JsonFileValidation	UNKNOWN STEP	2025-12-05T04:53:38.1674442Z     request: { hook: [Function: bound bound register] }
JsonFileValidation	UNKNOWN STEP	2025-12-05T04:53:38.1674773Z   },
JsonFileValidation	UNKNOWN STEP	2025-12-05T04:53:38.1674958Z   response: {
JsonFileValidation	UNKNOWN STEP	2025-12-05T04:53:38.1675311Z     url: 'https://api.github.com/repos/Azure/Azure-Sentinel/pulls/13241',
JsonFileValidation	UNKNOWN STEP	2025-12-05T04:53:38.1675734Z     status: 403,
JsonFileValidation	UNKNOWN STEP	2025-12-05T04:53:38.1675959Z     headers: {
JsonFileValidation	UNKNOWN STEP	2025-12-05T04:53:38.1676205Z       'access-control-allow-origin': '*',
JsonFileValidation	UNKNOWN STEP	2025-12-05T04:53:38.1677334Z       'access-control-expose-headers': 'ETag, Link, Location, Retry-After, X-GitHub-OTP, X-RateLimit-Limit, X-RateLimit-Remaining, X-RateLimit-Reset, X-RateLimit-Used, X-RateLimit-Resource, X-OAuth-Scopes, X-Accepted-OAuth-Scopes, X-Poll-Interval, X-GitHub-Media-Type, Deprecation, Sunset',
JsonFileValidation	UNKNOWN STEP	2025-12-05T04:53:38.1678695Z       'content-length': '280',
JsonFileValidation	UNKNOWN STEP	2025-12-05T04:53:38.1679028Z       'content-security-policy': "default-src 'none'; style-src 'unsafe-inline'",
JsonFileValidation	UNKNOWN STEP	2025-12-05T04:53:38.1679427Z       'content-type': 'application/json; charset=utf-8',
JsonFileValidation	UNKNOWN STEP	2025-12-05T04:53:38.1679999Z       date: 'Fri, 05 Dec 2025 04:53:38 GMT',
JsonFileValidation	UNKNOWN STEP	2025-12-05T04:53:38.1680392Z       'referrer-policy': 'origin-when-cross-origin, strict-origin-when-cross-origin',
JsonFileValidation	UNKNOWN STEP	2025-12-05T04:53:38.1680770Z       server: 'Varnish',
JsonFileValidation	UNKNOWN STEP	2025-12-05T04:53:38.1681081Z       'strict-transport-security': 'max-age=31536000; includeSubdomains; preload',
JsonFileValidation	UNKNOWN STEP	2025-12-05T04:53:38.1681692Z       'x-content-type-options': 'nosniff',
JsonFileValidation	UNKNOWN STEP	2025-12-05T04:53:38.1681952Z       'x-frame-options': 'deny',
JsonFileValidation	UNKNOWN STEP	2025-12-05T04:53:38.1682208Z       'x-github-media-type': 'github.v3; format=json',
JsonFileValidation	UNKNOWN STEP	2025-12-05T04:53:38.1682540Z       'x-github-request-id': '5018:3C7E25:166365:6327DC:69326552',
JsonFileValidation	UNKNOWN STEP	2025-12-05T04:53:38.1682849Z       'x-ratelimit-limit': '60',
JsonFileValidation	UNKNOWN STEP	2025-12-05T04:53:38.1683077Z       'x-ratelimit-remaining': '0',
JsonFileValidation	UNKNOWN STEP	2025-12-05T04:53:38.1683308Z       'x-ratelimit-reset': '1764913485',
JsonFileValidation	UNKNOWN STEP	2025-12-05T04:53:38.1683553Z       'x-ratelimit-resource': 'core',
JsonFileValidation	UNKNOWN STEP	2025-12-05T04:53:38.1683781Z       'x-ratelimit-used': '60',
JsonFileValidation	UNKNOWN STEP	2025-12-05T04:53:38.1684006Z       'x-xss-protection': '1; mode=block'
JsonFileValidation	UNKNOWN STEP	2025-12-05T04:53:38.1684225Z     },
JsonFileValidation	UNKNOWN STEP	2025-12-05T04:53:38.1684373Z     data: {
JsonFileValidation	UNKNOWN STEP	2025-12-05T04:53:38.1684908Z       message: "API rate limit exceeded for 172.208.127.84. (But here's the good news: Authenticated requests get a higher rate limit. Check out the documentation for more details.)",
JsonFileValidation	UNKNOWN STEP	2025-12-05T04:53:38.1685741Z       documentation_url: 'https://docs.github.com/rest/overview/resources-in-the-rest-api#rate-limiting'
JsonFileValidation	UNKNOWN STEP	2025-12-05T04:53:38.1686160Z     }
JsonFileValidation	UNKNOWN STEP	2025-12-05T04:53:38.1686297Z   }
JsonFileValidation	UNKNOWN STEP	2025-12-05T04:53:38.1686443Z }
JsonFileValidation	UNKNOWN STEP	2025-12-05T04:53:38.1686718Z ##vso[task.logissue type=error]Error. If issue persists - please open an issue
JsonFileValidation	UNKNOWN STEP	2025-12-05T04:53:38.2410723Z ##[error]Process completed with exit code 255.
JsonFileValidation	UNKNOWN STEP	2025-12-05T04:53:38.2496902Z Post job cleanup.
JsonFileValidation	UNKNOWN STEP	2025-12-05T04:53:38.3430434Z [command]/usr/bin/git version
JsonFileValidation	UNKNOWN STEP	2025-12-05T04:53:38.3466838Z git version 2.52.0
JsonFileValidation	UNKNOWN STEP	2025-12-05T04:53:38.3511384Z Temporarily overriding HOME='/home/runner/work/_temp/6698ffec-d5fc-42da-ba8e-f4f2934dd11f' before making global git config changes
JsonFileValidation	UNKNOWN STEP	2025-12-05T04:53:38.3512634Z Adding repository directory to the temporary git global config as a safe directory
JsonFileValidation	UNKNOWN STEP	2025-12-05T04:53:38.3524230Z [command]/usr/bin/git config --global --add safe.directory /home/runner/work/Azure-Sentinel/Azure-Sentinel
JsonFileValidation	UNKNOWN STEP	2025-12-05T04:53:38.3557982Z [command]/usr/bin/git config --local --name-only --get-regexp core\.sshCommand
JsonFileValidation	UNKNOWN STEP	2025-12-05T04:53:38.3589779Z [command]/usr/bin/git submodule foreach --recursive sh -c "git config --local --name-only --get-regexp 'core\.sshCommand' && git config --local --unset-all 'core.sshCommand' || :"
JsonFileValidation	UNKNOWN STEP	2025-12-05T04:53:38.3847835Z [command]/usr/bin/git config --local --name-only --get-regexp http\.https\:\/\/github\.com\/\.extraheader
JsonFileValidation	UNKNOWN STEP	2025-12-05T04:53:38.3869044Z http.https://github.com/.extraheader
JsonFileValidation	UNKNOWN STEP	2025-12-05T04:53:38.3881229Z [command]/usr/bin/git config --local --unset-all http.https://github.com/.extraheader
JsonFileValidation	UNKNOWN STEP	2025-12-05T04:53:38.3910980Z [command]/usr/bin/git submodule foreach --recursive sh -c "git config --local --name-only --get-regexp 'http\.https\:\/\/github\.com\/\.extraheader' && git config --local --unset-all 'http.https://github.com/.extraheader' || :"
JsonFileValidation	UNKNOWN STEP	2025-12-05T04:53:38.4166156Z [command]/usr/bin/git config --local --name-only --get-regexp ^includeIf\.gitdir:
JsonFileValidation	UNKNOWN STEP	2025-12-05T04:53:38.4198086Z [command]/usr/bin/git submodule foreach --recursive git config --local --show-origin --name-only --get-regexp remote.origin.url
JsonFileValidation	UNKNOWN STEP	2025-12-05T04:53:38.4573822Z Cleaning up orphan processes
